Archive member included to satisfy reference by file (symbol)

c:/st/stm32cubeide_1.8.0/stm32cubeide/plugins/com.st.stm32cube.ide.mcu.externaltools.gnu-tools-for-stm32.9-2020-q2-update.win32_2.0.0.202105311346/tools/bin/../lib/gcc/arm-none-eabi/9.3.1/../../../../arm-none-eabi/lib/thumb/v7e-m+dp/hard\libc_nano.a(lib_a-errno.o)
                              ./Core/Src/syscalls.o (__errno)
c:/st/stm32cubeide_1.8.0/stm32cubeide/plugins/com.st.stm32cube.ide.mcu.externaltools.gnu-tools-for-stm32.9-2020-q2-update.win32_2.0.0.202105311346/tools/bin/../lib/gcc/arm-none-eabi/9.3.1/../../../../arm-none-eabi/lib/thumb/v7e-m+dp/hard\libc_nano.a(lib_a-exit.o)
                              c:/st/stm32cubeide_1.8.0/stm32cubeide/plugins/com.st.stm32cube.ide.mcu.externaltools.gnu-tools-for-stm32.9-2020-q2-update.win32_2.0.0.202105311346/tools/bin/../lib/gcc/arm-none-eabi/9.3.1/../../../../arm-none-eabi/lib/thumb/v7e-m+dp/hard/crt0.o (exit)
c:/st/stm32cubeide_1.8.0/stm32cubeide/plugins/com.st.stm32cube.ide.mcu.externaltools.gnu-tools-for-stm32.9-2020-q2-update.win32_2.0.0.202105311346/tools/bin/../lib/gcc/arm-none-eabi/9.3.1/../../../../arm-none-eabi/lib/thumb/v7e-m+dp/hard\libc_nano.a(lib_a-impure.o)
                              c:/st/stm32cubeide_1.8.0/stm32cubeide/plugins/com.st.stm32cube.ide.mcu.externaltools.gnu-tools-for-stm32.9-2020-q2-update.win32_2.0.0.202105311346/tools/bin/../lib/gcc/arm-none-eabi/9.3.1/../../../../arm-none-eabi/lib/thumb/v7e-m+dp/hard\libc_nano.a(lib_a-exit.o) (_global_impure_ptr)
c:/st/stm32cubeide_1.8.0/stm32cubeide/plugins/com.st.stm32cube.ide.mcu.externaltools.gnu-tools-for-stm32.9-2020-q2-update.win32_2.0.0.202105311346/tools/bin/../lib/gcc/arm-none-eabi/9.3.1/../../../../arm-none-eabi/lib/thumb/v7e-m+dp/hard\libc_nano.a(lib_a-init.o)
                              c:/st/stm32cubeide_1.8.0/stm32cubeide/plugins/com.st.stm32cube.ide.mcu.externaltools.gnu-tools-for-stm32.9-2020-q2-update.win32_2.0.0.202105311346/tools/bin/../lib/gcc/arm-none-eabi/9.3.1/../../../../arm-none-eabi/lib/thumb/v7e-m+dp/hard/crt0.o (__libc_init_array)
c:/st/stm32cubeide_1.8.0/stm32cubeide/plugins/com.st.stm32cube.ide.mcu.externaltools.gnu-tools-for-stm32.9-2020-q2-update.win32_2.0.0.202105311346/tools/bin/../lib/gcc/arm-none-eabi/9.3.1/../../../../arm-none-eabi/lib/thumb/v7e-m+dp/hard\libc_nano.a(lib_a-memset.o)
                              c:/st/stm32cubeide_1.8.0/stm32cubeide/plugins/com.st.stm32cube.ide.mcu.externaltools.gnu-tools-for-stm32.9-2020-q2-update.win32_2.0.0.202105311346/tools/bin/../lib/gcc/arm-none-eabi/9.3.1/../../../../arm-none-eabi/lib/thumb/v7e-m+dp/hard/crt0.o (memset)
c:/st/stm32cubeide_1.8.0/stm32cubeide/plugins/com.st.stm32cube.ide.mcu.externaltools.gnu-tools-for-stm32.9-2020-q2-update.win32_2.0.0.202105311346/tools/bin/../lib/gcc/arm-none-eabi/9.3.1/thumb/v7e-m+dp/hard\libgcc.a(_aeabi_uldivmod.o)
                              ./Drivers/STM32F7xx_HAL_Driver/Src/stm32f7xx_hal_rcc.o (__aeabi_uldivmod)
c:/st/stm32cubeide_1.8.0/stm32cubeide/plugins/com.st.stm32cube.ide.mcu.externaltools.gnu-tools-for-stm32.9-2020-q2-update.win32_2.0.0.202105311346/tools/bin/../lib/gcc/arm-none-eabi/9.3.1/thumb/v7e-m+dp/hard\libgcc.a(_udivmoddi4.o)
                              c:/st/stm32cubeide_1.8.0/stm32cubeide/plugins/com.st.stm32cube.ide.mcu.externaltools.gnu-tools-for-stm32.9-2020-q2-update.win32_2.0.0.202105311346/tools/bin/../lib/gcc/arm-none-eabi/9.3.1/thumb/v7e-m+dp/hard\libgcc.a(_aeabi_uldivmod.o) (__udivmoddi4)
c:/st/stm32cubeide_1.8.0/stm32cubeide/plugins/com.st.stm32cube.ide.mcu.externaltools.gnu-tools-for-stm32.9-2020-q2-update.win32_2.0.0.202105311346/tools/bin/../lib/gcc/arm-none-eabi/9.3.1/thumb/v7e-m+dp/hard\libgcc.a(_dvmd_tls.o)
                              c:/st/stm32cubeide_1.8.0/stm32cubeide/plugins/com.st.stm32cube.ide.mcu.externaltools.gnu-tools-for-stm32.9-2020-q2-update.win32_2.0.0.202105311346/tools/bin/../lib/gcc/arm-none-eabi/9.3.1/thumb/v7e-m+dp/hard\libgcc.a(_aeabi_uldivmod.o) (__aeabi_ldiv0)

Allocating common symbols
Common symbol       size              file

p                   0x4               ./Core/Src/RFID.o
uwTick              0x4               ./Drivers/STM32F7xx_HAL_Driver/Src/stm32f7xx_hal.o
pFlash              0x1c              ./Drivers/STM32F7xx_HAL_Driver/Src/stm32f7xx_hal_flash.o
serNum              0x5               ./Core/Src/RFID.o
test                0x1               ./Core/Src/RFID.o
current             0x4               ./Core/Src/RFID.o
W                   0x10              ./Core/Src/RFID.o
htim1               0x4c              ./Core/Src/tim.o
key                 0x1               ./Core/Src/RFID.o
R                   0x10              ./Core/Src/RFID.o
hspi1               0x64              ./Core/Src/spi.o
htim2               0x4c              ./Core/Src/tim.o
str                 0x10              ./Core/Src/RFID.o
status              0x1               ./Core/Src/RFID.o

Discarded input sections

[...]
Memory Configuration

Name             Origin             Length             Attributes
RAM              0x0000000020000000 0x0000000000080000 xrw
FLASH            0x0000000008000000 0x0000000000200000 xr
*default*        0x0000000000000000 0xffffffffffffffff

Linker script and memory map

LOAD c:/st/stm32cubeide_1.8.0/stm32cubeide/plugins/com.st.stm32cube.ide.mcu.externaltools.gnu-tools-for-stm32.9-2020-q2-update.win32_2.0.0.202105311346/tools/bin/../lib/gcc/arm-none-eabi/9.3.1/thumb/v7e-m+dp/hard/crti.o
LOAD c:/st/stm32cubeide_1.8.0/stm32cubeide/plugins/com.st.stm32cube.ide.mcu.externaltools.gnu-tools-for-stm32.9-2020-q2-update.win32_2.0.0.202105311346/tools/bin/../lib/gcc/arm-none-eabi/9.3.1/thumb/v7e-m+dp/hard/crtbegin.o
LOAD c:/st/stm32cubeide_1.8.0/stm32cubeide/plugins/com.st.stm32cube.ide.mcu.externaltools.gnu-tools-for-stm32.9-2020-q2-update.win32_2.0.0.202105311346/tools/bin/../lib/gcc/arm-none-eabi/9.3.1/../../../../arm-none-eabi/lib/thumb/v7e-m+dp/hard/crt0.o
LOAD ./Core/Src/FSM.o
LOAD ./Core/Src/RFID.o
LOAD ./Core/Src/gpio.o
LOAD ./Core/Src/main.o
LOAD ./Core/Src/spi.o
LOAD ./Core/Src/stm32f1_rc522.o
LOAD ./Core/Src/stm32f7xx_hal_msp.o
LOAD ./Core/Src/stm32f7xx_it.o
LOAD ./Core/Src/syscalls.o
LOAD ./Core/Src/sysmem.o
LOAD ./Core/Src/system_stm32f7xx.o
LOAD ./Core/Src/tim.o
LOAD ./Core/Startup/startup_stm32f767zitx.o
LOAD ./Drivers/STM32F7xx_HAL_Driver/Src/stm32f7xx_hal.o
LOAD ./Drivers/STM32F7xx_HAL_Driver/Src/stm32f7xx_hal_cortex.o
LOAD ./Drivers/STM32F7xx_HAL_Driver/Src/stm32f7xx_hal_dma.o
LOAD ./Drivers/STM32F7xx_HAL_Driver/Src/stm32f7xx_hal_dma_ex.o
LOAD ./Drivers/STM32F7xx_HAL_Driver/Src/stm32f7xx_hal_exti.o
LOAD ./Drivers/STM32F7xx_HAL_Driver/Src/stm32f7xx_hal_flash.o
LOAD ./Drivers/STM32F7xx_HAL_Driver/Src/stm32f7xx_hal_flash_ex.o
LOAD ./Drivers/STM32F7xx_HAL_Driver/Src/stm32f7xx_hal_gpio.o
LOAD ./Drivers/STM32F7xx_HAL_Driver/Src/stm32f7xx_hal_i2c.o
LOAD ./Drivers/STM32F7xx_HAL_Driver/Src/stm32f7xx_hal_i2c_ex.o
LOAD ./Drivers/STM32F7xx_HAL_Driver/Src/stm32f7xx_hal_pwr.o
LOAD ./Drivers/STM32F7xx_HAL_Driver/Src/stm32f7xx_hal_pwr_ex.o
LOAD ./Drivers/STM32F7xx_HAL_Driver/Src/stm32f7xx_hal_rcc.o
LOAD ./Drivers/STM32F7xx_HAL_Driver/Src/stm32f7xx_hal_rcc_ex.o
LOAD ./Drivers/STM32F7xx_HAL_Driver/Src/stm32f7xx_hal_spi.o
LOAD ./Drivers/STM32F7xx_HAL_Driver/Src/stm32f7xx_hal_spi_ex.o
LOAD ./Drivers/STM32F7xx_HAL_Driver/Src/stm32f7xx_hal_tim.o
LOAD ./Drivers/STM32F7xx_HAL_Driver/Src/stm32f7xx_hal_tim_ex.o
START GROUP
LOAD c:/st/stm32cubeide_1.8.0/stm32cubeide/plugins/com.st.stm32cube.ide.mcu.externaltools.gnu-tools-for-stm32.9-2020-q2-update.win32_2.0.0.202105311346/tools/bin/../lib/gcc/arm-none-eabi/9.3.1/../../../../arm-none-eabi/lib/thumb/v7e-m+dp/hard\libc_nano.a
LOAD c:/st/stm32cubeide_1.8.0/stm32cubeide/plugins/com.st.stm32cube.ide.mcu.externaltools.gnu-tools-for-stm32.9-2020-q2-update.win32_2.0.0.202105311346/tools/bin/../lib/gcc/arm-none-eabi/9.3.1/../../../../arm-none-eabi/lib/thumb/v7e-m+dp/hard\libm.a
END GROUP
START GROUP
LOAD c:/st/stm32cubeide_1.8.0/stm32cubeide/plugins/com.st.stm32cube.ide.mcu.externaltools.gnu-tools-for-stm32.9-2020-q2-update.win32_2.0.0.202105311346/tools/bin/../lib/gcc/arm-none-eabi/9.3.1/thumb/v7e-m+dp/hard\libgcc.a
LOAD c:/st/stm32cubeide_1.8.0/stm32cubeide/plugins/com.st.stm32cube.ide.mcu.externaltools.gnu-tools-for-stm32.9-2020-q2-update.win32_2.0.0.202105311346/tools/bin/../lib/gcc/arm-none-eabi/9.3.1/../../../../arm-none-eabi/lib/thumb/v7e-m+dp/hard\libc_nano.a
END GROUP
START GROUP
LOAD c:/st/stm32cubeide_1.8.0/stm32cubeide/plugins/com.st.stm32cube.ide.mcu.externaltools.gnu-tools-for-stm32.9-2020-q2-update.win32_2.0.0.202105311346/tools/bin/../lib/gcc/arm-none-eabi/9.3.1/thumb/v7e-m+dp/hard\libgcc.a
LOAD c:/st/stm32cubeide_1.8.0/stm32cubeide/plugins/com.st.stm32cube.ide.mcu.externaltools.gnu-tools-for-stm32.9-2020-q2-update.win32_2.0.0.202105311346/tools/bin/../lib/gcc/arm-none-eabi/9.3.1/../../../../arm-none-eabi/lib/thumb/v7e-m+dp/hard\libc_nano.a
LOAD c:/st/stm32cubeide_1.8.0/stm32cubeide/plugins/com.st.stm32cube.ide.mcu.externaltools.gnu-tools-for-stm32.9-2020-q2-update.win32_2.0.0.202105311346/tools/bin/../lib/gcc/arm-none-eabi/9.3.1/../../../../arm-none-eabi/lib/thumb/v7e-m+dp/hard\libnosys.a
END GROUP
START GROUP
LOAD c:/st/stm32cubeide_1.8.0/stm32cubeide/plugins/com.st.stm32cube.ide.mcu.externaltools.gnu-tools-for-stm32.9-2020-q2-update.win32_2.0.0.202105311346/tools/bin/../lib/gcc/arm-none-eabi/9.3.1/thumb/v7e-m+dp/hard\libgcc.a
LOAD c:/st/stm32cubeide_1.8.0/stm32cubeide/plugins/com.st.stm32cube.ide.mcu.externaltools.gnu-tools-for-stm32.9-2020-q2-update.win32_2.0.0.202105311346/tools/bin/../lib/gcc/arm-none-eabi/9.3.1/../../../../arm-none-eabi/lib/thumb/v7e-m+dp/hard\libc_nano.a
LOAD c:/st/stm32cubeide_1.8.0/stm32cubeide/plugins/com.st.stm32cube.ide.mcu.externaltools.gnu-tools-for-stm32.9-2020-q2-update.win32_2.0.0.202105311346/tools/bin/../lib/gcc/arm-none-eabi/9.3.1/../../../../arm-none-eabi/lib/thumb/v7e-m+dp/hard\libnosys.a
END GROUP
LOAD c:/st/stm32cubeide_1.8.0/stm32cubeide/plugins/com.st.stm32cube.ide.mcu.externaltools.gnu-tools-for-stm32.9-2020-q2-update.win32_2.0.0.202105311346/tools/bin/../lib/gcc/arm-none-eabi/9.3.1/thumb/v7e-m+dp/hard/crtend.o
LOAD c:/st/stm32cubeide_1.8.0/stm32cubeide/plugins/com.st.stm32cube.ide.mcu.externaltools.gnu-tools-for-stm32.9-2020-q2-update.win32_2.0.0.202105311346/tools/bin/../lib/gcc/arm-none-eabi/9.3.1/thumb/v7e-m+dp/hard/crtn.o
                0x0000000020080000                _estack = (ORIGIN (RAM) + LENGTH (RAM))
                0x0000000000000200                _Min_Heap_Size = 0x200
                0x0000000000000400                _Min_Stack_Size = 0x400

.isr_vector     0x0000000008000000      0x1f8
                0x0000000008000000                . = ALIGN (0x4)
 *(.isr_vector)
 .isr_vector    0x0000000008000000      0x1f8 ./Core/Startup/startup_stm32f767zitx.o
                0x0000000008000000                g_pfnVectors
                0x00000000080001f8                . = ALIGN (0x4)

.text           0x00000000080001f8     0x466c
                0x00000000080001f8                . = ALIGN (0x4)
 *(.text)
 .text          0x00000000080001f8       0x40 c:/st/stm32cubeide_1.8.0/stm32cubeide/plugins/com.st.stm32cube.ide.mcu.externaltools.gnu-tools-for-stm32.9-2020-q2-update.win32_2.0.0.202105311346/tools/bin/../lib/gcc/arm-none-eabi/9.3.1/thumb/v7e-m+dp/hard/crtbegin.o
 .text          0x0000000008000238       0x30 c:/st/stm32cubeide_1.8.0/stm32cubeide/plugins/com.st.stm32cube.ide.mcu.externaltools.gnu-tools-for-stm32.9-2020-q2-update.win32_2.0.0.202105311346/tools/bin/../lib/gcc/arm-none-eabi/9.3.1/thumb/v7e-m+dp/hard\libgcc.a(_aeabi_uldivmod.o)
                0x0000000008000238                __aeabi_uldivmod
 .text          0x0000000008000268      0x2c4 c:/st/stm32cubeide_1.8.0/stm32cubeide/plugins/com.st.stm32cube.ide.mcu.externaltools.gnu-tools-for-stm32.9-2020-q2-update.win32_2.0.0.202105311346/tools/bin/../lib/gcc/arm-none-eabi/9.3.1/thumb/v7e-m+dp/hard\libgcc.a(_udivmoddi4.o)
                0x0000000008000268                __udivmoddi4
 .text          0x000000000800052c        0x4 c:/st/stm32cubeide_1.8.0/stm32cubeide/plugins/com.st.stm32cube.ide.mcu.externaltools.gnu-tools-for-stm32.9-2020-q2-update.win32_2.0.0.202105311346/tools/bin/../lib/gcc/arm-none-eabi/9.3.1/thumb/v7e-m+dp/hard\libgcc.a(_dvmd_tls.o)
                0x000000000800052c                __aeabi_idiv0
                0x000000000800052c                __aeabi_ldiv0
 *(.text*)
 .text.setNextState
                0x0000000008000530       0x20 ./Core/Src/FSM.o
                0x0000000008000530                setNextState
 .text.getState
                0x0000000008000550       0x18 ./Core/Src/FSM.o
                0x0000000008000550                getState
 .text.encodeFSM
                0x0000000008000568       0x40 ./Core/Src/FSM.o
                0x0000000008000568                encodeFSM
 .text.proc_IDLE
                0x00000000080005a8       0x22 ./Core/Src/FSM.o
                0x00000000080005a8                proc_IDLE
 *fill*         0x00000000080005ca        0x2 
 .text.proc_OPEN
                0x00000000080005cc       0x34 ./Core/Src/FSM.o
                0x00000000080005cc                proc_OPEN
 .text.proc_HOLD
                0x0000000008000600       0x2c ./Core/Src/FSM.o
                0x0000000008000600                proc_HOLD
 .text.proc_CLOSE
                0x000000000800062c       0x34 ./Core/Src/FSM.o
                0x000000000800062c                proc_CLOSE
 .text.MTR_Rotation
                0x0000000008000660       0x4c ./Core/Src/FSM.o
                0x0000000008000660                MTR_Rotation
 .text.addTag   0x00000000080006ac       0x78 ./Core/Src/RFID.o
                0x00000000080006ac                addTag
 .text.setupTag
                0x0000000008000724       0x88 ./Core/Src/RFID.o
                0x0000000008000724                setupTag
 .text.checkTagPresence
                0x00000000080007ac       0x44 ./Core/Src/RFID.o
                0x00000000080007ac                checkTagPresence
 .text.checkTagAccess
                0x00000000080007f0       0x8c ./Core/Src/RFID.o
                0x00000000080007f0                checkTagAccess
 .text.authenticate
                0x000000000800087c       0x58 ./Core/Src/RFID.o
                0x000000000800087c                authenticate
 .text.readTag  0x00000000080008d4       0x44 ./Core/Src/RFID.o
                0x00000000080008d4                readTag
 .text.writeTag
                0x0000000008000918       0x44 ./Core/Src/RFID.o
                0x0000000008000918                writeTag
 .text.MX_GPIO_Init
                0x000000000800095c      0x198 ./Core/Src/gpio.o
                0x000000000800095c                MX_GPIO_Init
 .text.main     0x0000000008000af4       0x3c ./Core/Src/main.o
                0x0000000008000af4                main
 .text.SystemClock_Config
                0x0000000008000b30       0xe0 ./Core/Src/main.o
                0x0000000008000b30                SystemClock_Config
 .text.Error_Handler
                0x0000000008000c10        0xa ./Core/Src/main.o
                0x0000000008000c10                Error_Handler
 *fill*         0x0000000008000c1a        0x2 
 .text.MX_SPI1_Init
                0x0000000008000c1c       0x7c ./Core/Src/spi.o
                0x0000000008000c1c                MX_SPI1_Init
 .text.HAL_SPI_MspInit
                0x0000000008000c98       0x88 ./Core/Src/spi.o
                0x0000000008000c98                HAL_SPI_MspInit
 .text.RC522_SPI_Transfer
                0x0000000008000d20       0x2c ./Core/Src/stm32f1_rc522.o
                0x0000000008000d20                RC522_SPI_Transfer
 .text.Write_MFRC522
                0x0000000008000d4c       0x50 ./Core/Src/stm32f1_rc522.o
                0x0000000008000d4c                Write_MFRC522
 .text.Read_MFRC522
                0x0000000008000d9c       0x54 ./Core/Src/stm32f1_rc522.o
                0x0000000008000d9c                Read_MFRC522
 .text.SetBitMask
                0x0000000008000df0       0x36 ./Core/Src/stm32f1_rc522.o
                0x0000000008000df0                SetBitMask
 .text.ClearBitMask
                0x0000000008000e26       0x40 ./Core/Src/stm32f1_rc522.o
                0x0000000008000e26                ClearBitMask
 .text.AntennaOn
                0x0000000008000e66       0x16 ./Core/Src/stm32f1_rc522.o
                0x0000000008000e66                AntennaOn
 .text.MFRC522_Reset
                0x0000000008000e7c       0x10 ./Core/Src/stm32f1_rc522.o
                0x0000000008000e7c                MFRC522_Reset
 .text.MFRC522_Init
                0x0000000008000e8c       0x5c ./Core/Src/stm32f1_rc522.o
                0x0000000008000e8c                MFRC522_Init
 .text.MFRC522_ToCard
                0x0000000008000ee8      0x192 ./Core/Src/stm32f1_rc522.o
                0x0000000008000ee8                MFRC522_ToCard
 .text.MFRC522_Request
                0x000000000800107a       0x4a ./Core/Src/stm32f1_rc522.o
                0x000000000800107a                MFRC522_Request
 .text.MFRC522_Anticoll
                0x00000000080010c4       0x7a ./Core/Src/stm32f1_rc522.o
                0x00000000080010c4                MFRC522_Anticoll
 .text.CalulateCRC
                0x000000000800113e       0x92 ./Core/Src/stm32f1_rc522.o
                0x000000000800113e                CalulateCRC
 .text.MFRC522_SelectTag
                0x00000000080011d0       0x86 ./Core/Src/stm32f1_rc522.o
                0x00000000080011d0                MFRC522_SelectTag
 .text.MFRC522_Auth
                0x0000000008001256       0xca ./Core/Src/stm32f1_rc522.o
                0x0000000008001256                MFRC522_Auth
 .text.MFRC522_Read
                0x0000000008001320       0x58 ./Core/Src/stm32f1_rc522.o
                0x0000000008001320                MFRC522_Read
 .text.MFRC522_Write
                0x0000000008001378       0xf8 ./Core/Src/stm32f1_rc522.o
                0x0000000008001378                MFRC522_Write
 .text.HAL_MspInit
                0x0000000008001470       0x48 ./Core/Src/stm32f7xx_hal_msp.o
                0x0000000008001470                HAL_MspInit
 .text.NMI_Handler
                0x00000000080014b8        0x6 ./Core/Src/stm32f7xx_it.o
                0x00000000080014b8                NMI_Handler
 .text.HardFault_Handler
                0x00000000080014be        0x6 ./Core/Src/stm32f7xx_it.o
                0x00000000080014be                HardFault_Handler
 .text.MemManage_Handler
                0x00000000080014c4        0x6 ./Core/Src/stm32f7xx_it.o
                0x00000000080014c4                MemManage_Handler
 .text.BusFault_Handler
                0x00000000080014ca        0x6 ./Core/Src/stm32f7xx_it.o
                0x00000000080014ca                BusFault_Handler
 .text.UsageFault_Handler
                0x00000000080014d0        0x6 ./Core/Src/stm32f7xx_it.o
                0x00000000080014d0                UsageFault_Handler
 .text.SVC_Handler
                0x00000000080014d6        0xe ./Core/Src/stm32f7xx_it.o
                0x00000000080014d6                SVC_Handler
 .text.DebugMon_Handler
                0x00000000080014e4        0xe ./Core/Src/stm32f7xx_it.o
                0x00000000080014e4                DebugMon_Handler
 .text.PendSV_Handler
                0x00000000080014f2        0xe ./Core/Src/stm32f7xx_it.o
                0x00000000080014f2                PendSV_Handler
 .text.SysTick_Handler
                0x0000000008001500        0xc ./Core/Src/stm32f7xx_it.o
                0x0000000008001500                SysTick_Handler
 .text.EXTI0_IRQHandler
                0x000000000800150c        0xe ./Core/Src/stm32f7xx_it.o
                0x000000000800150c                EXTI0_IRQHandler
 *fill*         0x000000000800151a        0x2 
 .text.TIM2_IRQHandler
                0x000000000800151c       0x14 ./Core/Src/stm32f7xx_it.o
                0x000000000800151c                TIM2_IRQHandler
 .text.EXTI15_10_IRQHandler
                0x0000000008001530       0x20 ./Core/Src/stm32f7xx_it.o
                0x0000000008001530                EXTI15_10_IRQHandler
 .text.HAL_GPIO_EXTI_Callback
                0x0000000008001550       0xbc ./Core/Src/stm32f7xx_it.o
                0x0000000008001550                HAL_GPIO_EXTI_Callback
 .text.SystemInit
                0x000000000800160c       0x24 ./Core/Src/system_stm32f7xx.o
                0x000000000800160c                SystemInit
 .text.MX_TIM1_Init
                0x0000000008001630      0x15c ./Core/Src/tim.o
                0x0000000008001630                MX_TIM1_Init
 .text.MX_TIM2_Init
                0x000000000800178c       0x9c ./Core/Src/tim.o
                0x000000000800178c                MX_TIM2_Init
 .text.HAL_TIM_Base_MspInit
                0x0000000008001828       0x70 ./Core/Src/tim.o
                0x0000000008001828                HAL_TIM_Base_MspInit
 .text.HAL_TIM_MspPostInit
                0x0000000008001898       0x70 ./Core/Src/tim.o
                0x0000000008001898                HAL_TIM_MspPostInit
 .text.HAL_TIM_PeriodElapsedCallback
                0x0000000008001908       0x34 ./Core/Src/tim.o
                0x0000000008001908                HAL_TIM_PeriodElapsedCallback
 .text.Reset_Handler
                0x000000000800193c       0x50 ./Core/Startup/startup_stm32f767zitx.o
                0x000000000800193c                Reset_Handler
 .text.Default_Handler
                0x000000000800198c        0x2 ./Core/Startup/startup_stm32f767zitx.o
                0x000000000800198c                RTC_Alarm_IRQHandler
                0x000000000800198c                EXTI2_IRQHandler
                0x000000000800198c                TIM8_CC_IRQHandler
                0x000000000800198c                UART8_IRQHandler
                0x000000000800198c                SPI4_IRQHandler
                0x000000000800198c                TIM1_CC_IRQHandler
                0x000000000800198c                DMA2_Stream5_IRQHandler
                0x000000000800198c                JPEG_IRQHandler
                0x000000000800198c                DMA1_Stream5_IRQHandler
                0x000000000800198c                CAN3_RX1_IRQHandler
                0x000000000800198c                PVD_IRQHandler
                0x000000000800198c                TAMP_STAMP_IRQHandler
                0x000000000800198c                CAN2_RX1_IRQHandler
                0x000000000800198c                EXTI3_IRQHandler
                0x000000000800198c                TIM8_TRG_COM_TIM14_IRQHandler
                0x000000000800198c                DFSDM1_FLT1_IRQHandler
                0x000000000800198c                TIM1_UP_TIM10_IRQHandler
                0x000000000800198c                TIM8_UP_TIM13_IRQHandler
                0x000000000800198c                I2C3_ER_IRQHandler
                0x000000000800198c                DFSDM1_FLT2_IRQHandler
                0x000000000800198c                I2C2_EV_IRQHandler
                0x000000000800198c                DMA1_Stream2_IRQHandler
                0x000000000800198c                CAN1_RX0_IRQHandler
                0x000000000800198c                FPU_IRQHandler
                0x000000000800198c                OTG_HS_WKUP_IRQHandler
                0x000000000800198c                CAN3_SCE_IRQHandler
                0x000000000800198c                LTDC_ER_IRQHandler
                0x000000000800198c                CAN2_SCE_IRQHandler
                0x000000000800198c                DMA2_Stream2_IRQHandler
                0x000000000800198c                SPI1_IRQHandler
                0x000000000800198c                TIM6_DAC_IRQHandler
                0x000000000800198c                TIM1_BRK_TIM9_IRQHandler
                0x000000000800198c                DCMI_IRQHandler
                0x000000000800198c                CAN2_RX0_IRQHandler
                0x000000000800198c                DMA2_Stream3_IRQHandler
                0x000000000800198c                SAI2_IRQHandler
                0x000000000800198c                DFSDM1_FLT3_IRQHandler
                0x000000000800198c                USART6_IRQHandler
                0x000000000800198c                CAN3_RX0_IRQHandler
                0x000000000800198c                USART3_IRQHandler
                0x000000000800198c                CAN1_RX1_IRQHandler
                0x000000000800198c                UART5_IRQHandler
                0x000000000800198c                DMA2_Stream0_IRQHandler
                0x000000000800198c                TIM4_IRQHandler
                0x000000000800198c                QUADSPI_IRQHandler
                0x000000000800198c                I2C1_EV_IRQHandler
                0x000000000800198c                DMA1_Stream6_IRQHandler
                0x000000000800198c                DMA1_Stream1_IRQHandler
                0x000000000800198c                UART4_IRQHandler
                0x000000000800198c                TIM3_IRQHandler
                0x000000000800198c                RCC_IRQHandler
                0x000000000800198c                TIM8_BRK_TIM12_IRQHandler
                0x000000000800198c                Default_Handler
                0x000000000800198c                CEC_IRQHandler
                0x000000000800198c                ADC_IRQHandler
                0x000000000800198c                DMA1_Stream7_IRQHandler
                0x000000000800198c                SPI5_IRQHandler
                0x000000000800198c                TIM7_IRQHandler
                0x000000000800198c                SDMMC1_IRQHandler
                0x000000000800198c                CAN2_TX_IRQHandler
                0x000000000800198c                TIM5_IRQHandler
                0x000000000800198c                DMA2_Stream7_IRQHandler
                0x000000000800198c                I2C3_EV_IRQHandler
                0x000000000800198c                EXTI9_5_IRQHandler
                0x000000000800198c                RTC_WKUP_IRQHandler
                0x000000000800198c                LTDC_IRQHandler
                0x000000000800198c                ETH_WKUP_IRQHandler
                0x000000000800198c                SPDIF_RX_IRQHandler
                0x000000000800198c                SPI2_IRQHandler
                0x000000000800198c                OTG_HS_EP1_IN_IRQHandler
                0x000000000800198c                DMA1_Stream0_IRQHandler
                0x000000000800198c                CAN1_TX_IRQHandler
                0x000000000800198c                EXTI4_IRQHandler
                0x000000000800198c                RNG_IRQHandler
                0x000000000800198c                ETH_IRQHandler
                0x000000000800198c                OTG_HS_EP1_OUT_IRQHandler
                0x000000000800198c                WWDG_IRQHandler
                0x000000000800198c                SPI6_IRQHandler
                0x000000000800198c                MDIOS_IRQHandler
                0x000000000800198c                I2C4_EV_IRQHandler
                0x000000000800198c                CAN3_TX_IRQHandler
                0x000000000800198c                OTG_FS_WKUP_IRQHandler
                0x000000000800198c                TIM1_TRG_COM_TIM11_IRQHandler
                0x000000000800198c                OTG_HS_IRQHandler
                0x000000000800198c                DMA2D_IRQHandler
                0x000000000800198c                EXTI1_IRQHandler
                0x000000000800198c                SDMMC2_IRQHandler
                0x000000000800198c                UART7_IRQHandler
                0x000000000800198c                USART2_IRQHandler
                0x000000000800198c                DFSDM1_FLT0_IRQHandler
                0x000000000800198c                I2C2_ER_IRQHandler
                0x000000000800198c                DMA2_Stream1_IRQHandler
                0x000000000800198c                CAN1_SCE_IRQHandler
                0x000000000800198c                FLASH_IRQHandler
                0x000000000800198c                DMA2_Stream4_IRQHandler
                0x000000000800198c                USART1_IRQHandler
                0x000000000800198c                OTG_FS_IRQHandler
                0x000000000800198c                SPI3_IRQHandler
                0x000000000800198c                DMA1_Stream4_IRQHandler
                0x000000000800198c                I2C1_ER_IRQHandler
                0x000000000800198c                FMC_IRQHandler
                0x000000000800198c                LPTIM1_IRQHandler
                0x000000000800198c                I2C4_ER_IRQHandler
                0x000000000800198c                DMA2_Stream6_IRQHandler
                0x000000000800198c                SAI1_IRQHandler
                0x000000000800198c                DMA1_Stream3_IRQHandler
 .text.HAL_Init
                0x000000000800198e       0x1a ./Drivers/STM32F7xx_HAL_Driver/Src/stm32f7xx_hal.o
                0x000000000800198e                HAL_Init
 .text.HAL_InitTick
                0x00000000080019a8       0x60 ./Drivers/STM32F7xx_HAL_Driver/Src/stm32f7xx_hal.o
                0x00000000080019a8                HAL_InitTick
 .text.HAL_IncTick
                0x0000000008001a08       0x28 ./Drivers/STM32F7xx_HAL_Driver/Src/stm32f7xx_hal.o
                0x0000000008001a08                HAL_IncTick
 .text.HAL_GetTick
                0x0000000008001a30       0x18 ./Drivers/STM32F7xx_HAL_Driver/Src/stm32f7xx_hal.o
                0x0000000008001a30                HAL_GetTick
 .text.__NVIC_SetPriorityGrouping
                0x0000000008001a48       0x48 ./Drivers/STM32F7xx_HAL_Driver/Src/stm32f7xx_hal_cortex.o
 .text.__NVIC_GetPriorityGrouping
                0x0000000008001a90       0x1c ./Drivers/STM32F7xx_HAL_Driver/Src/stm32f7xx_hal_cortex.o
 .text.__NVIC_EnableIRQ
                0x0000000008001aac       0x3c ./Drivers/STM32F7xx_HAL_Driver/Src/stm32f7xx_hal_cortex.o
 .text.__NVIC_SetPriority
                0x0000000008001ae8       0x54 ./Drivers/STM32F7xx_HAL_Driver/Src/stm32f7xx_hal_cortex.o
 .text.NVIC_EncodePriority
                0x0000000008001b3c       0x66 ./Drivers/STM32F7xx_HAL_Driver/Src/stm32f7xx_hal_cortex.o
 *fill*         0x0000000008001ba2        0x2 
 .text.SysTick_Config
                0x0000000008001ba4       0x44 ./Drivers/STM32F7xx_HAL_Driver/Src/stm32f7xx_hal_cortex.o
 .text.HAL_NVIC_SetPriorityGrouping
                0x0000000008001be8       0x16 ./Drivers/STM32F7xx_HAL_Driver/Src/stm32f7xx_hal_cortex.o
                0x0000000008001be8                HAL_NVIC_SetPriorityGrouping
 .text.HAL_NVIC_SetPriority
                0x0000000008001bfe       0x38 ./Drivers/STM32F7xx_HAL_Driver/Src/stm32f7xx_hal_cortex.o
                0x0000000008001bfe                HAL_NVIC_SetPriority
 .text.HAL_NVIC_EnableIRQ
                0x0000000008001c36       0x1c ./Drivers/STM32F7xx_HAL_Driver/Src/stm32f7xx_hal_cortex.o
                0x0000000008001c36                HAL_NVIC_EnableIRQ
 .text.HAL_SYSTICK_Config
                0x0000000008001c52       0x18 ./Drivers/STM32F7xx_HAL_Driver/Src/stm32f7xx_hal_cortex.o
                0x0000000008001c52                HAL_SYSTICK_Config
 *fill*         0x0000000008001c6a        0x2 
 .text.HAL_GPIO_Init
                0x0000000008001c6c      0x358 ./Drivers/STM32F7xx_HAL_Driver/Src/stm32f7xx_hal_gpio.o
                0x0000000008001c6c                HAL_GPIO_Init
 .text.HAL_GPIO_ReadPin
                0x0000000008001fc4       0x30 ./Drivers/STM32F7xx_HAL_Driver/Src/stm32f7xx_hal_gpio.o
                0x0000000008001fc4                HAL_GPIO_ReadPin
 .text.HAL_GPIO_WritePin
                0x0000000008001ff4       0x32 ./Drivers/STM32F7xx_HAL_Driver/Src/stm32f7xx_hal_gpio.o
                0x0000000008001ff4                HAL_GPIO_WritePin
 *fill*         0x0000000008002026        0x2 
 .text.HAL_GPIO_EXTI_IRQHandler
                0x0000000008002028       0x30 ./Drivers/STM32F7xx_HAL_Driver/Src/stm32f7xx_hal_gpio.o
                0x0000000008002028                HAL_GPIO_EXTI_IRQHandler
 .text.HAL_PWREx_EnableOverDrive
                0x0000000008002058       0xa0 ./Drivers/STM32F7xx_HAL_Driver/Src/stm32f7xx_hal_pwr_ex.o
                0x0000000008002058                HAL_PWREx_EnableOverDrive
 .text.HAL_RCC_OscConfig
                0x00000000080020f8      0x55c ./Drivers/STM32F7xx_HAL_Driver/Src/stm32f7xx_hal_rcc.o
                0x00000000080020f8                HAL_RCC_OscConfig
 .text.HAL_RCC_ClockConfig
                0x0000000008002654      0x1d8 ./Drivers/STM32F7xx_HAL_Driver/Src/stm32f7xx_hal_rcc.o
                0x0000000008002654                HAL_RCC_ClockConfig
 .text.HAL_RCC_GetSysClockFreq
                0x000000000800282c      0x16c ./Drivers/STM32F7xx_HAL_Driver/Src/stm32f7xx_hal_rcc.o
                0x000000000800282c                HAL_RCC_GetSysClockFreq
 .text.HAL_SPI_Init
                0x0000000008002998      0x156 ./Drivers/STM32F7xx_HAL_Driver/Src/stm32f7xx_hal_spi.o
                0x0000000008002998                HAL_SPI_Init
 .text.HAL_SPI_TransmitReceive
                0x0000000008002aee      0x426 ./Drivers/STM32F7xx_HAL_Driver/Src/stm32f7xx_hal_spi.o
                0x0000000008002aee                HAL_SPI_TransmitReceive
 .text.SPI_WaitFlagStateUntilTimeout
                0x0000000008002f14      0x110 ./Drivers/STM32F7xx_HAL_Driver/Src/stm32f7xx_hal_spi.o
 .text.SPI_WaitFifoStateUntilTimeout
                0x0000000008003024      0x12c ./Drivers/STM32F7xx_HAL_Driver/Src/stm32f7xx_hal_spi.o
 .text.SPI_EndRxTxTransaction
                0x0000000008003150       0xd4 ./Drivers/STM32F7xx_HAL_Driver/Src/stm32f7xx_hal_spi.o
 .text.HAL_TIM_Base_Init
                0x0000000008003224       0xae ./Drivers/STM32F7xx_HAL_Driver/Src/stm32f7xx_hal_tim.o
                0x0000000008003224                HAL_TIM_Base_Init
 *fill*         0x00000000080032d2        0x2 
 .text.HAL_TIM_Base_Start_IT
                0x00000000080032d4       0xf0 ./Drivers/STM32F7xx_HAL_Driver/Src/stm32f7xx_hal_tim.o
                0x00000000080032d4                HAL_TIM_Base_Start_IT
 .text.HAL_TIM_Base_Stop_IT
                0x00000000080033c4       0x5e ./Drivers/STM32F7xx_HAL_Driver/Src/stm32f7xx_hal_tim.o
                0x00000000080033c4                HAL_TIM_Base_Stop_IT
 .text.HAL_TIM_PWM_Init
                0x0000000008003422       0xae ./Drivers/STM32F7xx_HAL_Driver/Src/stm32f7xx_hal_tim.o
                0x0000000008003422                HAL_TIM_PWM_Init
 .text.HAL_TIM_PWM_MspInit
                0x00000000080034d0       0x14 ./Drivers/STM32F7xx_HAL_Driver/Src/stm32f7xx_hal_tim.o
                0x00000000080034d0                HAL_TIM_PWM_MspInit
 .text.HAL_TIM_PWM_Start
                0x00000000080034e4      0x1f4 ./Drivers/STM32F7xx_HAL_Driver/Src/stm32f7xx_hal_tim.o
                0x00000000080034e4                HAL_TIM_PWM_Start
 .text.HAL_TIM_PWM_Stop
                0x00000000080036d8      0x100 ./Drivers/STM32F7xx_HAL_Driver/Src/stm32f7xx_hal_tim.o
                0x00000000080036d8                HAL_TIM_PWM_Stop
 .text.HAL_TIM_IRQHandler
                0x00000000080037d8      0x23e ./Drivers/STM32F7xx_HAL_Driver/Src/stm32f7xx_hal_tim.o
                0x00000000080037d8                HAL_TIM_IRQHandler
 *fill*         0x0000000008003a16        0x2 
 .text.HAL_TIM_PWM_ConfigChannel
                0x0000000008003a18      0x228 ./Drivers/STM32F7xx_HAL_Driver/Src/stm32f7xx_hal_tim.o
                0x0000000008003a18                HAL_TIM_PWM_ConfigChannel
 .text.HAL_TIM_ConfigClockSource
                0x0000000008003c40      0x194 ./Drivers/STM32F7xx_HAL_Driver/Src/stm32f7xx_hal_tim.o
                0x0000000008003c40                HAL_TIM_ConfigClockSource
 .text.HAL_TIM_OC_DelayElapsedCallback
                0x0000000008003dd4       0x14 ./Drivers/STM32F7xx_HAL_Driver/Src/stm32f7xx_hal_tim.o
                0x0000000008003dd4                HAL_TIM_OC_DelayElapsedCallback
 .text.HAL_TIM_IC_CaptureCallback
                0x0000000008003de8       0x14 ./Drivers/STM32F7xx_HAL_Driver/Src/stm32f7xx_hal_tim.o
                0x0000000008003de8                HAL_TIM_IC_CaptureCallback
 .text.HAL_TIM_PWM_PulseFinishedCallback
                0x0000000008003dfc       0x14 ./Drivers/STM32F7xx_HAL_Driver/Src/stm32f7xx_hal_tim.o
                0x0000000008003dfc                HAL_TIM_PWM_PulseFinishedCallback
 .text.HAL_TIM_TriggerCallback
                0x0000000008003e10       0x14 ./Drivers/STM32F7xx_HAL_Driver/Src/stm32f7xx_hal_tim.o
                0x0000000008003e10                HAL_TIM_TriggerCallback
 .text.TIM_Base_SetConfig
                0x0000000008003e24      0x140 ./Drivers/STM32F7xx_HAL_Driver/Src/stm32f7xx_hal_tim.o
                0x0000000008003e24                TIM_Base_SetConfig
 .text.TIM_OC1_SetConfig
                0x0000000008003f64       0xe4 ./Drivers/STM32F7xx_HAL_Driver/Src/stm32f7xx_hal_tim.o
 .text.TIM_OC2_SetConfig
                0x0000000008004048       0xf0 ./Drivers/STM32F7xx_HAL_Driver/Src/stm32f7xx_hal_tim.o
                0x0000000008004048                TIM_OC2_SetConfig
 .text.TIM_OC3_SetConfig
                0x0000000008004138       0xec ./Drivers/STM32F7xx_HAL_Driver/Src/stm32f7xx_hal_tim.o
 .text.TIM_OC4_SetConfig
                0x0000000008004224       0xb0 ./Drivers/STM32F7xx_HAL_Driver/Src/stm32f7xx_hal_tim.o
 .text.TIM_OC5_SetConfig
                0x00000000080042d4       0xa4 ./Drivers/STM32F7xx_HAL_Driver/Src/stm32f7xx_hal_tim.o
 .text.TIM_OC6_SetConfig
                0x0000000008004378       0xa8 ./Drivers/STM32F7xx_HAL_Driver/Src/stm32f7xx_hal_tim.o
 .text.TIM_TI1_ConfigInputStage
                0x0000000008004420       0x5e ./Drivers/STM32F7xx_HAL_Driver/Src/stm32f7xx_hal_tim.o
 .text.TIM_TI2_ConfigInputStage
                0x000000000800447e       0x60 ./Drivers/STM32F7xx_HAL_Driver/Src/stm32f7xx_hal_tim.o
 .text.TIM_ITRx_SetConfig
                0x00000000080044de       0x36 ./Drivers/STM32F7xx_HAL_Driver/Src/stm32f7xx_hal_tim.o
 .text.TIM_ETR_SetConfig
                0x0000000008004514       0x40 ./Drivers/STM32F7xx_HAL_Driver/Src/stm32f7xx_hal_tim.o
                0x0000000008004514                TIM_ETR_SetConfig
 .text.TIM_CCxChannelCmd
                0x0000000008004554       0x4a ./Drivers/STM32F7xx_HAL_Driver/Src/stm32f7xx_hal_tim.o
                0x0000000008004554                TIM_CCxChannelCmd
 *fill*         0x000000000800459e        0x2 
 .text.HAL_TIMEx_MasterConfigSynchronization
                0x00000000080045a0      0x11c ./Drivers/STM32F7xx_HAL_Driver/Src/stm32f7xx_hal_tim_ex.o
                0x00000000080045a0                HAL_TIMEx_MasterConfigSynchronization
 .text.HAL_TIMEx_ConfigBreakDeadTime
                0x00000000080046bc       0xfc ./Drivers/STM32F7xx_HAL_Driver/Src/stm32f7xx_hal_tim_ex.o
                0x00000000080046bc                HAL_TIMEx_ConfigBreakDeadTime
 .text.HAL_TIMEx_CommutCallback
                0x00000000080047b8       0x14 ./Drivers/STM32F7xx_HAL_Driver/Src/stm32f7xx_hal_tim_ex.o
                0x00000000080047b8                HAL_TIMEx_CommutCallback
 .text.HAL_TIMEx_BreakCallback
                0x00000000080047cc       0x14 ./Drivers/STM32F7xx_HAL_Driver/Src/stm32f7xx_hal_tim_ex.o
                0x00000000080047cc                HAL_TIMEx_BreakCallback
 .text.HAL_TIMEx_Break2Callback
                0x00000000080047e0       0x14 ./Drivers/STM32F7xx_HAL_Driver/Src/stm32f7xx_hal_tim_ex.o
                0x00000000080047e0                HAL_TIMEx_Break2Callback
 .text.__libc_init_array
                0x00000000080047f4       0x48 c:/st/stm32cubeide_1.8.0/stm32cubeide/plugins/com.st.stm32cube.ide.mcu.externaltools.gnu-tools-for-stm32.9-2020-q2-update.win32_2.0.0.202105311346/tools/bin/../lib/gcc/arm-none-eabi/9.3.1/../../../../arm-none-eabi/lib/thumb/v7e-m+dp/hard\libc_nano.a(lib_a-init.o)
                0x00000000080047f4                __libc_init_array
 .text.memset   0x000000000800483c       0x10 c:/st/stm32cubeide_1.8.0/stm32cubeide/plugins/com.st.stm32cube.ide.mcu.externaltools.gnu-tools-for-stm32.9-2020-q2-update.win32_2.0.0.202105311346/tools/bin/../lib/gcc/arm-none-eabi/9.3.1/../../../../arm-none-eabi/lib/thumb/v7e-m+dp/hard\libc_nano.a(lib_a-memset.o)
                0x000000000800483c                memset
 *(.glue_7)
 .glue_7        0x000000000800484c        0x0 linker stubs
 *(.glue_7t)
 .glue_7t       0x000000000800484c        0x0 linker stubs
 *(.eh_frame)
 .eh_frame      0x000000000800484c        0x0 c:/st/stm32cubeide_1.8.0/stm32cubeide/plugins/com.st.stm32cube.ide.mcu.externaltools.gnu-tools-for-stm32.9-2020-q2-update.win32_2.0.0.202105311346/tools/bin/../lib/gcc/arm-none-eabi/9.3.1/thumb/v7e-m+dp/hard/crtbegin.o
 *(.init)
 .init          0x000000000800484c        0x4 c:/st/stm32cubeide_1.8.0/stm32cubeide/plugins/com.st.stm32cube.ide.mcu.externaltools.gnu-tools-for-stm32.9-2020-q2-update.win32_2.0.0.202105311346/tools/bin/../lib/gcc/arm-none-eabi/9.3.1/thumb/v7e-m+dp/hard/crti.o
                0x000000000800484c                _init
 .init          0x0000000008004850        0x8 c:/st/stm32cubeide_1.8.0/stm32cubeide/plugins/com.st.stm32cube.ide.mcu.externaltools.gnu-tools-for-stm32.9-2020-q2-update.win32_2.0.0.202105311346/tools/bin/../lib/gcc/arm-none-eabi/9.3.1/thumb/v7e-m+dp/hard/crtn.o
 *(.fini)
 .fini          0x0000000008004858        0x4 c:/st/stm32cubeide_1.8.0/stm32cubeide/plugins/com.st.stm32cube.ide.mcu.externaltools.gnu-tools-for-stm32.9-2020-q2-update.win32_2.0.0.202105311346/tools/bin/../lib/gcc/arm-none-eabi/9.3.1/thumb/v7e-m+dp/hard/crti.o
                0x0000000008004858                _fini
 .fini          0x000000000800485c        0x8 c:/st/stm32cubeide_1.8.0/stm32cubeide/plugins/com.st.stm32cube.ide.mcu.externaltools.gnu-tools-for-stm32.9-2020-q2-update.win32_2.0.0.202105311346/tools/bin/../lib/gcc/arm-none-eabi/9.3.1/thumb/v7e-m+dp/hard/crtn.o
                0x0000000008004864                . = ALIGN (0x4)
                0x0000000008004864                _etext = .

.vfp11_veneer   0x0000000008004864        0x0
 .vfp11_veneer  0x0000000008004864        0x0 linker stubs

.v4_bx          0x0000000008004864        0x0
 .v4_bx         0x0000000008004864        0x0 linker stubs

.iplt           0x0000000008004864        0x0
 .iplt          0x0000000008004864        0x0 c:/st/stm32cubeide_1.8.0/stm32cubeide/plugins/com.st.stm32cube.ide.mcu.externaltools.gnu-tools-for-stm32.9-2020-q2-update.win32_2.0.0.202105311346/tools/bin/../lib/gcc/arm-none-eabi/9.3.1/thumb/v7e-m+dp/hard/crtbegin.o

.rodata         0x0000000008004864       0x10
                0x0000000008004864                . = ALIGN (0x4)
 *(.rodata)
 *(.rodata*)
 .rodata.AHBPrescTable
                0x0000000008004864       0x10 ./Core/Src/system_stm32f7xx.o
                0x0000000008004864                AHBPrescTable
                0x0000000008004874                . = ALIGN (0x4)

.ARM.extab      0x0000000008004874        0x0
                0x0000000008004874                . = ALIGN (0x4)
 *(.ARM.extab* .gnu.linkonce.armextab.*)
                0x0000000008004874                . = ALIGN (0x4)

.ARM            0x0000000008004874        0x8
                0x0000000008004874                . = ALIGN (0x4)
                0x0000000008004874                __exidx_start = .
 *(.ARM.exidx*)
 .ARM.exidx     0x0000000008004874        0x8 c:/st/stm32cubeide_1.8.0/stm32cubeide/plugins/com.st.stm32cube.ide.mcu.externaltools.gnu-tools-for-stm32.9-2020-q2-update.win32_2.0.0.202105311346/tools/bin/../lib/gcc/arm-none-eabi/9.3.1/thumb/v7e-m+dp/hard\libgcc.a(_udivmoddi4.o)
                0x000000000800487c                __exidx_end = .
                0x000000000800487c                . = ALIGN (0x4)

.rel.dyn        0x000000000800487c        0x0
 .rel.iplt      0x000000000800487c        0x0 c:/st/stm32cubeide_1.8.0/stm32cubeide/plugins/com.st.stm32cube.ide.mcu.externaltools.gnu-tools-for-stm32.9-2020-q2-update.win32_2.0.0.202105311346/tools/bin/../lib/gcc/arm-none-eabi/9.3.1/thumb/v7e-m+dp/hard/crtbegin.o

.preinit_array  0x000000000800487c        0x0
                0x000000000800487c                . = ALIGN (0x4)
                0x000000000800487c                PROVIDE (__preinit_array_start = .)
 *(.preinit_array*)
                0x000000000800487c                PROVIDE (__preinit_array_end = .)
                0x000000000800487c                . = ALIGN (0x4)

.init_array     0x000000000800487c        0x4
                0x000000000800487c                . = ALIGN (0x4)
                0x000000000800487c                PROVIDE (__init_array_start = .)
 *(SORT_BY_NAME(.init_array.*))
 *(.init_array*)
 .init_array    0x000000000800487c        0x4 c:/st/stm32cubeide_1.8.0/stm32cubeide/plugins/com.st.stm32cube.ide.mcu.externaltools.gnu-tools-for-stm32.9-2020-q2-update.win32_2.0.0.202105311346/tools/bin/../lib/gcc/arm-none-eabi/9.3.1/thumb/v7e-m+dp/hard/crtbegin.o
                0x0000000008004880                PROVIDE (__init_array_end = .)
                0x0000000008004880                . = ALIGN (0x4)

.fini_array     0x0000000008004880        0x4
                0x0000000008004880                . = ALIGN (0x4)
                [!provide]                        PROVIDE (__fini_array_start = .)
 *(SORT_BY_NAME(.fini_array.*))
 *(.fini_array*)
 .fini_array    0x0000000008004880        0x4 c:/st/stm32cubeide_1.8.0/stm32cubeide/plugins/com.st.stm32cube.ide.mcu.externaltools.gnu-tools-for-stm32.9-2020-q2-update.win32_2.0.0.202105311346/tools/bin/../lib/gcc/arm-none-eabi/9.3.1/thumb/v7e-m+dp/hard/crtbegin.o
                [!provide]                        PROVIDE (__fini_array_end = .)
                0x0000000008004884                . = ALIGN (0x4)
                0x0000000008004884                _sidata = LOADADDR (.data)

.data           0x0000000020000000       0x44 load address 0x0000000008004884
                0x0000000020000000                . = ALIGN (0x4)
                0x0000000020000000                _sdata = .
 *(.data)
 *(.data*)
 .data.state    0x0000000020000000        0x1 ./Core/Src/FSM.o
                0x0000000020000000                state
 .data.nextState
                0x0000000020000001        0x1 ./Core/Src/FSM.o
                0x0000000020000001                nextState
 *fill*         0x0000000020000002        0x2 
 .data.selectState
                0x0000000020000004       0x10 ./Core/Src/FSM.o
                0x0000000020000004                selectState
 .data.tag1     0x0000000020000014       0x24 ./Core/Src/main.o
                0x0000000020000014                tag1
 .data.SystemCoreClock
                0x0000000020000038        0x4 ./Core/Src/system_stm32f7xx.o
                0x0000000020000038                SystemCoreClock
 .data.uwTickPrio
                0x000000002000003c        0x4 ./Drivers/STM32F7xx_HAL_Driver/Src/stm32f7xx_hal.o
                0x000000002000003c                uwTickPrio
 .data.uwTickFreq
                0x0000000020000040        0x1 ./Drivers/STM32F7xx_HAL_Driver/Src/stm32f7xx_hal.o
                0x0000000020000040                uwTickFreq
 *(.RamFunc)
 *(.RamFunc*)
                0x0000000020000044                . = ALIGN (0x4)
 *fill*         0x0000000020000041        0x3 
                0x0000000020000044                _edata = .

.igot.plt       0x0000000020000044        0x0 load address 0x00000000080048c8
 .igot.plt      0x0000000020000044        0x0 c:/st/stm32cubeide_1.8.0/stm32cubeide/plugins/com.st.stm32cube.ide.mcu.externaltools.gnu-tools-for-stm32.9-2020-q2-update.win32_2.0.0.202105311346/tools/bin/../lib/gcc/arm-none-eabi/9.3.1/thumb/v7e-m+dp/hard/crtbegin.o
                0x0000000020000044                . = ALIGN (0x4)

.bss            0x0000000020000044      0x16c load address 0x00000000080048c8
                0x0000000020000044                _sbss = .
                0x0000000020000044                __bss_start__ = _sbss
 *(.bss)
 .bss           0x0000000020000044       0x1c c:/st/stm32cubeide_1.8.0/stm32cubeide/plugins/com.st.stm32cube.ide.mcu.externaltools.gnu-tools-for-stm32.9-2020-q2-update.win32_2.0.0.202105311346/tools/bin/../lib/gcc/arm-none-eabi/9.3.1/thumb/v7e-m+dp/hard/crtbegin.o
 *(.bss*)
 .bss.stateSetup
                0x0000000020000060        0x1 ./Core/Src/FSM.o
                0x0000000020000060                stateSetup
 *fill*         0x0000000020000061        0x3 
 .bss.head      0x0000000020000064        0x4 ./Core/Src/RFID.o
                0x0000000020000064                head
 *(COMMON)
 COMMON         0x0000000020000068       0x45 ./Core/Src/RFID.o
                0x0000000020000068                p
                0x000000002000006c                serNum
                0x0000000020000071                test
                0x0000000020000074                current
                0x0000000020000078                W
                0x0000000020000088                key
                0x000000002000008c                R
                0x000000002000009c                str
                0x00000000200000ac                status
 *fill*         0x00000000200000ad        0x3 
 COMMON         0x00000000200000b0       0x64 ./Core/Src/spi.o
                0x00000000200000b0                hspi1
 COMMON         0x0000000020000114       0x98 ./Core/Src/tim.o
                0x0000000020000114                htim1
                0x0000000020000160                htim2
 COMMON         0x00000000200001ac        0x4 ./Drivers/STM32F7xx_HAL_Driver/Src/stm32f7xx_hal.o
                0x00000000200001ac                uwTick
                0x00000000200001b0                . = ALIGN (0x4)
                0x00000000200001b0                _ebss = .
                0x00000000200001b0                __bss_end__ = _ebss

._user_heap_stack
                0x00000000200001b0      0x600 load address 0x00000000080048c8
                0x00000000200001b0                . = ALIGN (0x8)
                [!provide]                        PROVIDE (end = .)
                0x00000000200001b0                PROVIDE (_end = .)
                0x00000000200003b0                . = (. + _Min_Heap_Size)
 *fill*         0x00000000200001b0      0x200 
                0x00000000200007b0                . = (. + _Min_Stack_Size)
 *fill*         0x00000000200003b0      0x400 
                0x00000000200007b0                . = ALIGN (0x8)

/DISCARD/
 libc.a(*)
 libm.a(*)
 libgcc.a(*)

.ARM.attributes
                0x0000000000000000       0x2e
 *(.ARM.attributes)
 .ARM.attributes
                0x0000000000000000       0x1e c:/st/stm32cubeide_1.8.0/stm32cubeide/plugins/com.st.stm32cube.ide.mcu.externaltools.gnu-tools-for-stm32.9-2020-q2-update.win32_2.0.0.202105311346/tools/bin/../lib/gcc/arm-none-eabi/9.3.1/thumb/v7e-m+dp/hard/crti.o
 .ARM.attributes
                0x000000000000001e       0x32 c:/st/stm32cubeide_1.8.0/stm32cubeide/plugins/com.st.stm32cube.ide.mcu.externaltools.gnu-tools-for-stm32.9-2020-q2-update.win32_2.0.0.202105311346/tools/bin/../lib/gcc/arm-none-eabi/9.3.1/thumb/v7e-m+dp/hard/crtbegin.o
 .ARM.attributes
                0x0000000000000050       0x32 ./Core/Src/FSM.o
 .ARM.attributes
                0x0000000000000082       0x32 ./Core/Src/RFID.o
 .ARM.attributes
                0x00000000000000b4       0x32 ./Core/Src/gpio.o
 .ARM.attributes
                0x00000000000000e6       0x32 ./Core/Src/main.o
 .ARM.attributes
                0x0000000000000118       0x32 ./Core/Src/spi.o
 .ARM.attributes
                0x000000000000014a       0x32 ./Core/Src/stm32f1_rc522.o
 .ARM.attributes
                0x000000000000017c       0x32 ./Core/Src/stm32f7xx_hal_msp.o
 .ARM.attributes
                0x00000000000001ae       0x32 ./Core/Src/stm32f7xx_it.o
 .ARM.attributes
                0x00000000000001e0       0x32 ./Core/Src/system_stm32f7xx.o
 .ARM.attributes
                0x0000000000000212       0x32 ./Core/Src/tim.o
 .ARM.attributes
                0x0000000000000244       0x21 ./Core/Startup/startup_stm32f767zitx.o
 .ARM.attributes
                0x0000000000000265       0x32 ./Drivers/STM32F7xx_HAL_Driver/Src/stm32f7xx_hal.o
 .ARM.attributes
                0x0000000000000297       0x32 ./Drivers/STM32F7xx_HAL_Driver/Src/stm32f7xx_hal_cortex.o
 .ARM.attributes
                0x00000000000002c9       0x32 ./Drivers/STM32F7xx_HAL_Driver/Src/stm32f7xx_hal_gpio.o
 .ARM.attributes
                0x00000000000002fb       0x32 ./Drivers/STM32F7xx_HAL_Driver/Src/stm32f7xx_hal_pwr_ex.o
 .ARM.attributes
                0x000000000000032d       0x32 ./Drivers/STM32F7xx_HAL_Driver/Src/stm32f7xx_hal_rcc.o
 .ARM.attributes
                0x000000000000035f       0x32 ./Drivers/STM32F7xx_HAL_Driver/Src/stm32f7xx_hal_spi.o
 .ARM.attributes
                0x0000000000000391       0x32 ./Drivers/STM32F7xx_HAL_Driver/Src/stm32f7xx_hal_tim.o
 .ARM.attributes
                0x00000000000003c3       0x32 ./Drivers/STM32F7xx_HAL_Driver/Src/stm32f7xx_hal_tim_ex.o
 .ARM.attributes
                0x00000000000003f5       0x32 c:/st/stm32cubeide_1.8.0/stm32cubeide/plugins/com.st.stm32cube.ide.mcu.externaltools.gnu-tools-for-stm32.9-2020-q2-update.win32_2.0.0.202105311346/tools/bin/../lib/gcc/arm-none-eabi/9.3.1/../../../../arm-none-eabi/lib/thumb/v7e-m+dp/hard\libc_nano.a(lib_a-init.o)
 .ARM.attributes
                0x0000000000000427       0x32 c:/st/stm32cubeide_1.8.0/stm32cubeide/plugins/com.st.stm32cube.ide.mcu.externaltools.gnu-tools-for-stm32.9-2020-q2-update.win32_2.0.0.202105311346/tools/bin/../lib/gcc/arm-none-eabi/9.3.1/../../../../arm-none-eabi/lib/thumb/v7e-m+dp/hard\libc_nano.a(lib_a-memset.o)
 .ARM.attributes
                0x0000000000000459       0x1e c:/st/stm32cubeide_1.8.0/stm32cubeide/plugins/com.st.stm32cube.ide.mcu.externaltools.gnu-tools-for-stm32.9-2020-q2-update.win32_2.0.0.202105311346/tools/bin/../lib/gcc/arm-none-eabi/9.3.1/thumb/v7e-m+dp/hard\libgcc.a(_aeabi_uldivmod.o)
 .ARM.attributes
                0x0000000000000477       0x32 c:/st/stm32cubeide_1.8.0/stm32cubeide/plugins/com.st.stm32cube.ide.mcu.externaltools.gnu-tools-for-stm32.9-2020-q2-update.win32_2.0.0.202105311346/tools/bin/../lib/gcc/arm-none-eabi/9.3.1/thumb/v7e-m+dp/hard\libgcc.a(_udivmoddi4.o)
 .ARM.attributes
                0x00000000000004a9       0x1e c:/st/stm32cubeide_1.8.0/stm32cubeide/plugins/com.st.stm32cube.ide.mcu.externaltools.gnu-tools-for-stm32.9-2020-q2-update.win32_2.0.0.202105311346/tools/bin/../lib/gcc/arm-none-eabi/9.3.1/thumb/v7e-m+dp/hard\libgcc.a(_dvmd_tls.o)
 .ARM.attributes
                0x00000000000004c7       0x1e c:/st/stm32cubeide_1.8.0/stm32cubeide/plugins/com.st.stm32cube.ide.mcu.externaltools.gnu-tools-for-stm32.9-2020-q2-update.win32_2.0.0.202105311346/tools/bin/../lib/gcc/arm-none-eabi/9.3.1/thumb/v7e-m+dp/hard/crtn.o
OUTPUT(TASP_park.elf elf32-littlearm)
LOAD linker stubs
LOAD c:/st/stm32cubeide_1.8.0/stm32cubeide/plugins/com.st.stm32cube.ide.mcu.externaltools.gnu-tools-for-stm32.9-2020-q2-update.win32_2.0.0.202105311346/tools/bin/../lib/gcc/arm-none-eabi/9.3.1/../../../../arm-none-eabi/lib/thumb/v7e-m+dp/hard\libc.a
LOAD c:/st/stm32cubeide_1.8.0/stm32cubeide/plugins/com.st.stm32cube.ide.mcu.externaltools.gnu-tools-for-stm32.9-2020-q2-update.win32_2.0.0.202105311346/tools/bin/../lib/gcc/arm-none-eabi/9.3.1/../../../../arm-none-eabi/lib/thumb/v7e-m+dp/hard\libm.a
LOAD c:/st/stm32cubeide_1.8.0/stm32cubeide/plugins/com.st.stm32cube.ide.mcu.externaltools.gnu-tools-for-stm32.9-2020-q2-update.win32_2.0.0.202105311346/tools/bin/../lib/gcc/arm-none-eabi/9.3.1/thumb/v7e-m+dp/hard\libgcc.a

.debug_info     0x0000000000000000    0x132ca
 .debug_info    0x0000000000000000     0x153c ./Core/Src/FSM.o
 .debug_info    0x000000000000153c     0x11de ./Core/Src/RFID.o
 .debug_info    0x000000000000271a      0x820 ./Core/Src/gpio.o
 .debug_info    0x0000000000002f3a     0x184f ./Core/Src/main.o
 .debug_info    0x0000000000004789      0xaab ./Core/Src/spi.o
 .debug_info    0x0000000000005234      0xd63 ./Core/Src/stm32f1_rc522.o
 .debug_info    0x0000000000005f97      0x3be ./Core/Src/stm32f7xx_hal_msp.o
 .debug_info    0x0000000000006355     0x1514 ./Core/Src/stm32f7xx_it.o
 .debug_info    0x0000000000007869      0x7ad ./Core/Src/system_stm32f7xx.o
 .debug_info    0x0000000000008016     0x1c97 ./Core/Src/tim.o
 .debug_info    0x0000000000009cad       0x22 ./Core/Startup/startup_stm32f767zitx.o
 .debug_info    0x0000000000009ccf      0xab8 ./Drivers/STM32F7xx_HAL_Driver/Src/stm32f7xx_hal.o
 .debug_info    0x000000000000a787     0x1158 ./Drivers/STM32F7xx_HAL_Driver/Src/stm32f7xx_hal_cortex.o
 .debug_info    0x000000000000b8df      0x876 ./Drivers/STM32F7xx_HAL_Driver/Src/stm32f7xx_hal_gpio.o
 .debug_info    0x000000000000c155      0x9f6 ./Drivers/STM32F7xx_HAL_Driver/Src/stm32f7xx_hal_pwr_ex.o
 .debug_info    0x000000000000cb4b      0xa28 ./Drivers/STM32F7xx_HAL_Driver/Src/stm32f7xx_hal_rcc.o
 .debug_info    0x000000000000d573     0x186a ./Drivers/STM32F7xx_HAL_Driver/Src/stm32f7xx_hal_spi.o
 .debug_info    0x000000000000eddd     0x2d5a ./Drivers/STM32F7xx_HAL_Driver/Src/stm32f7xx_hal_tim.o
 .debug_info    0x0000000000011b37     0x1793 ./Drivers/STM32F7xx_HAL_Driver/Src/stm32f7xx_hal_tim_ex.o

.debug_abbrev   0x0000000000000000     0x26cb
 .debug_abbrev  0x0000000000000000      0x260 ./Core/Src/FSM.o
 .debug_abbrev  0x0000000000000260      0x29e ./Core/Src/RFID.o
 .debug_abbrev  0x00000000000004fe      0x157 ./Core/Src/gpio.o
 .debug_abbrev  0x0000000000000655      0x27e ./Core/Src/main.o
 .debug_abbrev  0x00000000000008d3      0x1bb ./Core/Src/spi.o
 .debug_abbrev  0x0000000000000a8e      0x272 ./Core/Src/stm32f1_rc522.o
 .debug_abbrev  0x0000000000000d00      0x11d ./Core/Src/stm32f7xx_hal_msp.o
 .debug_abbrev  0x0000000000000e1d      0x235 ./Core/Src/stm32f7xx_it.o
 .debug_abbrev  0x0000000000001052      0x165 ./Core/Src/system_stm32f7xx.o
 .debug_abbrev  0x00000000000011b7      0x258 ./Core/Src/tim.o
 .debug_abbrev  0x000000000000140f       0x12 ./Core/Startup/startup_stm32f767zitx.o
 .debug_abbrev  0x0000000000001421      0x1ed ./Drivers/STM32F7xx_HAL_Driver/Src/stm32f7xx_hal.o
 .debug_abbrev  0x000000000000160e      0x33c ./Drivers/STM32F7xx_HAL_Driver/Src/stm32f7xx_hal_cortex.o
 .debug_abbrev  0x000000000000194a      0x1f1 ./Drivers/STM32F7xx_HAL_Driver/Src/stm32f7xx_hal_gpio.o
 .debug_abbrev  0x0000000000001b3b      0x1dc ./Drivers/STM32F7xx_HAL_Driver/Src/stm32f7xx_hal_pwr_ex.o
 .debug_abbrev  0x0000000000001d17      0x29c ./Drivers/STM32F7xx_HAL_Driver/Src/stm32f7xx_hal_rcc.o
 .debug_abbrev  0x0000000000001fb3      0x254 ./Drivers/STM32F7xx_HAL_Driver/Src/stm32f7xx_hal_spi.o
 .debug_abbrev  0x0000000000002207      0x25e ./Drivers/STM32F7xx_HAL_Driver/Src/stm32f7xx_hal_tim.o
 .debug_abbrev  0x0000000000002465      0x266 ./Drivers/STM32F7xx_HAL_Driver/Src/stm32f7xx_hal_tim_ex.o

.debug_aranges  0x0000000000000000      0xdc8
 .debug_aranges
                0x0000000000000000       0x58 ./Core/Src/FSM.o
 .debug_aranges
                0x0000000000000058       0x50 ./Core/Src/RFID.o
 .debug_aranges
                0x00000000000000a8       0x20 ./Core/Src/gpio.o
 .debug_aranges
                0x00000000000000c8       0x30 ./Core/Src/main.o
 .debug_aranges
                0x00000000000000f8       0x30 ./Core/Src/spi.o
 .debug_aranges
                0x0000000000000128       0xa8 ./Core/Src/stm32f1_rc522.o
 .debug_aranges
                0x00000000000001d0       0x20 ./Core/Src/stm32f7xx_hal_msp.o
 .debug_aranges
                0x00000000000001f0       0x80 ./Core/Src/stm32f7xx_it.o
 .debug_aranges
                0x0000000000000270       0x28 ./Core/Src/system_stm32f7xx.o
 .debug_aranges
                0x0000000000000298       0x48 ./Core/Src/tim.o
 .debug_aranges
                0x00000000000002e0       0x28 ./Core/Startup/startup_stm32f767zitx.o
 .debug_aranges
                0x0000000000000308      0x110 ./Drivers/STM32F7xx_HAL_Driver/Src/stm32f7xx_hal.o
 .debug_aranges
                0x0000000000000418      0x118 ./Drivers/STM32F7xx_HAL_Driver/Src/stm32f7xx_hal_cortex.o
 .debug_aranges
                0x0000000000000530       0x58 ./Drivers/STM32F7xx_HAL_Driver/Src/stm32f7xx_hal_gpio.o
 .debug_aranges
                0x0000000000000588       0x80 ./Drivers/STM32F7xx_HAL_Driver/Src/stm32f7xx_hal_pwr_ex.o
 .debug_aranges
                0x0000000000000608       0x88 ./Drivers/STM32F7xx_HAL_Driver/Src/stm32f7xx_hal_rcc.o
 .debug_aranges
                0x0000000000000690      0x1d8 ./Drivers/STM32F7xx_HAL_Driver/Src/stm32f7xx_hal_spi.o
 .debug_aranges
                0x0000000000000868      0x3e0 ./Drivers/STM32F7xx_HAL_Driver/Src/stm32f7xx_hal_tim.o
 .debug_aranges
                0x0000000000000c48      0x180 ./Drivers/STM32F7xx_HAL_Driver/Src/stm32f7xx_hal_tim_ex.o

.debug_ranges   0x0000000000000000      0xca0
 .debug_ranges  0x0000000000000000       0x48 ./Core/Src/FSM.o
 .debug_ranges  0x0000000000000048       0x40 ./Core/Src/RFID.o
 .debug_ranges  0x0000000000000088       0x10 ./Core/Src/gpio.o
 .debug_ranges  0x0000000000000098       0x20 ./Core/Src/main.o
 .debug_ranges  0x00000000000000b8       0x20 ./Core/Src/spi.o
 .debug_ranges  0x00000000000000d8       0x98 ./Core/Src/stm32f1_rc522.o
 .debug_ranges  0x0000000000000170       0x10 ./Core/Src/stm32f7xx_hal_msp.o
 .debug_ranges  0x0000000000000180       0x70 ./Core/Src/stm32f7xx_it.o
 .debug_ranges  0x00000000000001f0       0x18 ./Core/Src/system_stm32f7xx.o
 .debug_ranges  0x0000000000000208       0x38 ./Core/Src/tim.o
 .debug_ranges  0x0000000000000240       0x20 ./Core/Startup/startup_stm32f767zitx.o
 .debug_ranges  0x0000000000000260      0x100 ./Drivers/STM32F7xx_HAL_Driver/Src/stm32f7xx_hal.o
 .debug_ranges  0x0000000000000360      0x108 ./Drivers/STM32F7xx_HAL_Driver/Src/stm32f7xx_hal_cortex.o
 .debug_ranges  0x0000000000000468       0x48 ./Drivers/STM32F7xx_HAL_Driver/Src/stm32f7xx_hal_gpio.o
 .debug_ranges  0x00000000000004b0       0x70 ./Drivers/STM32F7xx_HAL_Driver/Src/stm32f7xx_hal_pwr_ex.o
 .debug_ranges  0x0000000000000520       0x78 ./Drivers/STM32F7xx_HAL_Driver/Src/stm32f7xx_hal_rcc.o
 .debug_ranges  0x0000000000000598      0x1c8 ./Drivers/STM32F7xx_HAL_Driver/Src/stm32f7xx_hal_spi.o
 .debug_ranges  0x0000000000000760      0x3d0 ./Drivers/STM32F7xx_HAL_Driver/Src/stm32f7xx_hal_tim.o
 .debug_ranges  0x0000000000000b30      0x170 ./Drivers/STM32F7xx_HAL_Driver/Src/stm32f7xx_hal_tim_ex.o

.debug_macro    0x0000000000000000    0x2836e
 .debug_macro   0x0000000000000000      0x2ff ./Core/Src/FSM.o
 .debug_macro   0x00000000000002ff      0xac0 ./Core/Src/FSM.o
 .debug_macro   0x0000000000000dbf      0x293 ./Core/Src/FSM.o
 .debug_macro   0x0000000000001052       0x2e ./Core/Src/FSM.o
 .debug_macro   0x0000000000001080       0x3b ./Core/Src/FSM.o
 .debug_macro   0x00000000000010bb       0x22 ./Core/Src/FSM.o
 .debug_macro   0x00000000000010dd       0x8e ./Core/Src/FSM.o
 .debug_macro   0x000000000000116b       0x51 ./Core/Src/FSM.o
 .debug_macro   0x00000000000011bc      0x103 ./Core/Src/FSM.o
 .debug_macro   0x00000000000012bf       0x6a ./Core/Src/FSM.o
 .debug_macro   0x0000000000001329      0x1df ./Core/Src/FSM.o
 .debug_macro   0x0000000000001508       0x1c ./Core/Src/FSM.o
 .debug_macro   0x0000000000001524       0x22 ./Core/Src/FSM.o
 .debug_macro   0x0000000000001546       0xdf ./Core/Src/FSM.o
 .debug_macro   0x0000000000001625     0x12cd ./Core/Src/FSM.o
 .debug_macro   0x00000000000028f2      0x11f ./Core/Src/FSM.o
 .debug_macro   0x0000000000002a11       0x19 ./Core/Src/FSM.o
 .debug_macro   0x0000000000002a2a    0x1a9dd ./Core/Src/FSM.o
 .debug_macro   0x000000000001d407       0x6d ./Core/Src/FSM.o
 .debug_macro   0x000000000001d474     0x3714 ./Core/Src/FSM.o
 .debug_macro   0x0000000000020b88      0x174 ./Core/Src/FSM.o
 .debug_macro   0x0000000000020cfc       0x63 ./Core/Src/FSM.o
 .debug_macro   0x0000000000020d5f     0x1add ./Core/Src/FSM.o
 .debug_macro   0x000000000002283c      0x6c4 ./Core/Src/FSM.o
 .debug_macro   0x0000000000022f00      0x18b ./Core/Src/FSM.o
 .debug_macro   0x000000000002308b      0x115 ./Core/Src/FSM.o
 .debug_macro   0x00000000000231a0      0x26e ./Core/Src/FSM.o
 .debug_macro   0x000000000002340e       0xa5 ./Core/Src/FSM.o
 .debug_macro   0x00000000000234b3      0x24f ./Core/Src/FSM.o
 .debug_macro   0x0000000000023702       0x71 ./Core/Src/FSM.o
 .debug_macro   0x0000000000023773       0x58 ./Core/Src/FSM.o
 .debug_macro   0x00000000000237cb      0x236 ./Core/Src/FSM.o
 .debug_macro   0x0000000000023a01      0x14e ./Core/Src/FSM.o
 .debug_macro   0x0000000000023b4f      0x3db ./Core/Src/FSM.o
 .debug_macro   0x0000000000023f2a       0x12 ./Core/Src/FSM.o
 .debug_macro   0x0000000000023f3c      0x22c ./Core/Src/FSM.o
 .debug_macro   0x0000000000024168       0x61 ./Core/Src/FSM.o
 .debug_macro   0x00000000000241c9       0xa5 ./Core/Src/FSM.o
 .debug_macro   0x000000000002426e      0x12e ./Core/Src/FSM.o
 .debug_macro   0x000000000002439c      0x108 ./Core/Src/FSM.o
 .debug_macro   0x00000000000244a4       0x35 ./Core/Src/FSM.o
 .debug_macro   0x00000000000244d9      0x2fe ./Core/Src/FSM.o
 .debug_macro   0x00000000000247d7      0xa6e ./Core/Src/FSM.o
 .debug_macro   0x0000000000025245       0xa9 ./Core/Src/FSM.o
 .debug_macro   0x00000000000252ee      0x15b ./Core/Src/FSM.o
 .debug_macro   0x0000000000025449       0x7c ./Core/Src/FSM.o
 .debug_macro   0x00000000000254c5      0x223 ./Core/Src/FSM.o
 .debug_macro   0x00000000000256e8       0x52 ./Core/Src/FSM.o
 .debug_macro   0x000000000002573a       0x17 ./Core/Src/FSM.o
 .debug_macro   0x0000000000025751       0x3c ./Core/Src/FSM.o
 .debug_macro   0x000000000002578d       0x34 ./Core/Src/FSM.o
 .debug_macro   0x00000000000257c1       0x16 ./Core/Src/FSM.o
 .debug_macro   0x00000000000257d7       0x43 ./Core/Src/FSM.o
 .debug_macro   0x000000000002581a       0x34 ./Core/Src/FSM.o
 .debug_macro   0x000000000002584e       0x10 ./Core/Src/FSM.o
 .debug_macro   0x000000000002585e       0x58 ./Core/Src/FSM.o
 .debug_macro   0x00000000000258b6       0x71 ./Core/Src/FSM.o
 .debug_macro   0x0000000000025927       0x1c ./Core/Src/FSM.o
 .debug_macro   0x0000000000025943      0x12a ./Core/Src/FSM.o
 .debug_macro   0x0000000000025a6d      0x333 ./Core/Src/FSM.o
 .debug_macro   0x0000000000025da0       0x10 ./Core/Src/FSM.o
 .debug_macro   0x0000000000025db0       0x35 ./Core/Src/FSM.o
 .debug_macro   0x0000000000025de5       0x20 ./Core/Src/FSM.o
 .debug_macro   0x0000000000025e05       0x22 ./Core/Src/FSM.o
 .debug_macro   0x0000000000025e27      0x2ce ./Core/Src/RFID.o
 .debug_macro   0x00000000000260f5      0x1fd ./Core/Src/gpio.o
 .debug_macro   0x00000000000262f2      0x319 ./Core/Src/main.o
 .debug_macro   0x000000000002660b      0x1fd ./Core/Src/spi.o
 .debug_macro   0x0000000000026808      0x1ed ./Core/Src/stm32f1_rc522.o
 .debug_macro   0x00000000000269f5      0x1f3 ./Core/Src/stm32f7xx_hal_msp.o
 .debug_macro   0x0000000000026be8      0x30d ./Core/Src/stm32f7xx_it.o
 .debug_macro   0x0000000000026ef5      0x1e4 ./Core/Src/system_stm32f7xx.o
 .debug_macro   0x00000000000270d9      0x2ff ./Core/Src/tim.o
 .debug_macro   0x00000000000273d8      0x208 ./Drivers/STM32F7xx_HAL_Driver/Src/stm32f7xx_hal.o
 .debug_macro   0x00000000000275e0      0x1e4 ./Drivers/STM32F7xx_HAL_Driver/Src/stm32f7xx_hal_cortex.o
 .debug_macro   0x00000000000277c4      0x1ea ./Drivers/STM32F7xx_HAL_Driver/Src/stm32f7xx_hal_gpio.o
 .debug_macro   0x00000000000279ae      0x1fc ./Drivers/STM32F7xx_HAL_Driver/Src/stm32f7xx_hal_pwr_ex.o
 .debug_macro   0x0000000000027baa      0x208 ./Drivers/STM32F7xx_HAL_Driver/Src/stm32f7xx_hal_rcc.o
 .debug_macro   0x0000000000027db2      0x1f3 ./Drivers/STM32F7xx_HAL_Driver/Src/stm32f7xx_hal_spi.o
 .debug_macro   0x0000000000027fa5      0x1e5 ./Drivers/STM32F7xx_HAL_Driver/Src/stm32f7xx_hal_tim.o
 .debug_macro   0x000000000002818a      0x1e4 ./Drivers/STM32F7xx_HAL_Driver/Src/stm32f7xx_hal_tim_ex.o

.debug_line     0x0000000000000000    0x10bc8
 .debug_line    0x0000000000000000      0x967 ./Core/Src/FSM.o
 .debug_line    0x0000000000000967      0xa37 ./Core/Src/RFID.o
 .debug_line    0x000000000000139e      0x73e ./Core/Src/gpio.o
 .debug_line    0x0000000000001adc      0x91f ./Core/Src/main.o
 .debug_line    0x00000000000023fb      0x768 ./Core/Src/spi.o
 .debug_line    0x0000000000002b63      0xc05 ./Core/Src/stm32f1_rc522.o
 .debug_line    0x0000000000003768      0x6ef ./Core/Src/stm32f7xx_hal_msp.o
 .debug_line    0x0000000000003e57      0xa24 ./Core/Src/stm32f7xx_it.o
 .debug_line    0x000000000000487b      0x76f ./Core/Src/system_stm32f7xx.o
 .debug_line    0x0000000000004fea      0xa20 ./Core/Src/tim.o
 .debug_line    0x0000000000005a0a       0x88 ./Core/Startup/startup_stm32f767zitx.o
 .debug_line    0x0000000000005a92      0xa30 ./Drivers/STM32F7xx_HAL_Driver/Src/stm32f7xx_hal.o
 .debug_line    0x00000000000064c2      0xc86 ./Drivers/STM32F7xx_HAL_Driver/Src/stm32f7xx_hal_cortex.o
 .debug_line    0x0000000000007148      0xb74 ./Drivers/STM32F7xx_HAL_Driver/Src/stm32f7xx_hal_gpio.o
 .debug_line    0x0000000000007cbc      0x975 ./Drivers/STM32F7xx_HAL_Driver/Src/stm32f7xx_hal_pwr_ex.o
 .debug_line    0x0000000000008631      0xe70 ./Drivers/STM32F7xx_HAL_Driver/Src/stm32f7xx_hal_rcc.o
 .debug_line    0x00000000000094a1     0x1f5e ./Drivers/STM32F7xx_HAL_Driver/Src/stm32f7xx_hal_spi.o
 .debug_line    0x000000000000b3ff     0x3bf1 ./Drivers/STM32F7xx_HAL_Driver/Src/stm32f7xx_hal_tim.o
 .debug_line    0x000000000000eff0     0x1bd8 ./Drivers/STM32F7xx_HAL_Driver/Src/stm32f7xx_hal_tim_ex.o

.debug_str      0x0000000000000000    0xf7b69
 .debug_str     0x0000000000000000    0xf44b3 ./Core/Src/FSM.o
                                      0xf4d0b (size before relaxing)
 .debug_str     0x00000000000f44b3       0x8b ./Core/Src/RFID.o
                                      0xf477e (size before relaxing)
 .debug_str     0x00000000000f453e      0x79d ./Core/Src/gpio.o
                                      0xf1463 (size before relaxing)
 .debug_str     0x00000000000f4cdb      0x1a6 ./Core/Src/main.o
                                      0xf4efe (size before relaxing)
 .debug_str     0x00000000000f4e81       0x4b ./Core/Src/spi.o
                                      0xf129c (size before relaxing)
 .debug_str     0x00000000000f4ecc      0x1ee ./Core/Src/stm32f1_rc522.o
                                      0xf16cc (size before relaxing)
 .debug_str     0x00000000000f50ba       0x2c ./Core/Src/stm32f7xx_hal_msp.o
                                      0xf0d87 (size before relaxing)
 .debug_str     0x00000000000f50e6      0x113 ./Core/Src/stm32f7xx_it.o
                                      0xf4d7c (size before relaxing)
 .debug_str     0x00000000000f51f9      0x178 ./Core/Src/system_stm32f7xx.o
                                      0xf0cd1 (size before relaxing)
 .debug_str     0x00000000000f5371      0x27b ./Core/Src/tim.o
                                      0xf56b4 (size before relaxing)
 .debug_str     0x00000000000f55ec       0x36 ./Core/Startup/startup_stm32f767zitx.o
                                         0x72 (size before relaxing)
 .debug_str     0x00000000000f5622      0x3bd ./Drivers/STM32F7xx_HAL_Driver/Src/stm32f7xx_hal.o
                                      0xf166f (size before relaxing)
 .debug_str     0x00000000000f59df      0x38f ./Drivers/STM32F7xx_HAL_Driver/Src/stm32f7xx_hal_cortex.o
                                      0xf16db (size before relaxing)
 .debug_str     0x00000000000f5d6e      0x128 ./Drivers/STM32F7xx_HAL_Driver/Src/stm32f7xx_hal_gpio.o
                                      0xf0dbb (size before relaxing)
 .debug_str     0x00000000000f5e96      0x1d1 ./Drivers/STM32F7xx_HAL_Driver/Src/stm32f7xx_hal_pwr_ex.o
                                      0xf0f60 (size before relaxing)
 .debug_str     0x00000000000f6067      0x27f ./Drivers/STM32F7xx_HAL_Driver/Src/stm32f7xx_hal_rcc.o
                                      0xf101a (size before relaxing)
 .debug_str     0x00000000000f62e6      0x5c0 ./Drivers/STM32F7xx_HAL_Driver/Src/stm32f7xx_hal_spi.o
                                      0xf14f1 (size before relaxing)
 .debug_str     0x00000000000f68a6      0xd91 ./Drivers/STM32F7xx_HAL_Driver/Src/stm32f7xx_hal_tim.o
                                      0xf1f80 (size before relaxing)
 .debug_str     0x00000000000f7637      0x532 ./Drivers/STM32F7xx_HAL_Driver/Src/stm32f7xx_hal_tim_ex.o
                                      0xf1844 (size before relaxing)

.comment        0x0000000000000000       0x53
 .comment       0x0000000000000000       0x53 ./Core/Src/FSM.o
                                         0x54 (size before relaxing)
 .comment       0x0000000000000053       0x54 ./Core/Src/RFID.o
 .comment       0x0000000000000053       0x54 ./Core/Src/gpio.o
 .comment       0x0000000000000053       0x54 ./Core/Src/main.o
 .comment       0x0000000000000053       0x54 ./Core/Src/spi.o
 .comment       0x0000000000000053       0x54 ./Core/Src/stm32f1_rc522.o
 .comment       0x0000000000000053       0x54 ./Core/Src/stm32f7xx_hal_msp.o
 .comment       0x0000000000000053       0x54 ./Core/Src/stm32f7xx_it.o
 .comment       0x0000000000000053       0x54 ./Core/Src/system_stm32f7xx.o
 .comment       0x0000000000000053       0x54 ./Core/Src/tim.o
 .comment       0x0000000000000053       0x54 ./Drivers/STM32F7xx_HAL_Driver/Src/stm32f7xx_hal.o
 .comment       0x0000000000000053       0x54 ./Drivers/STM32F7xx_HAL_Driver/Src/stm32f7xx_hal_cortex.o
 .comment       0x0000000000000053       0x54 ./Drivers/STM32F7xx_HAL_Driver/Src/stm32f7xx_hal_gpio.o
 .comment       0x0000000000000053       0x54 ./Drivers/STM32F7xx_HAL_Driver/Src/stm32f7xx_hal_pwr_ex.o
 .comment       0x0000000000000053       0x54 ./Drivers/STM32F7xx_HAL_Driver/Src/stm32f7xx_hal_rcc.o
 .comment       0x0000000000000053       0x54 ./Drivers/STM32F7xx_HAL_Driver/Src/stm32f7xx_hal_spi.o
 .comment       0x0000000000000053       0x54 ./Drivers/STM32F7xx_HAL_Driver/Src/stm32f7xx_hal_tim.o
 .comment       0x0000000000000053       0x54 ./Drivers/STM32F7xx_HAL_Driver/Src/stm32f7xx_hal_tim_ex.o

.debug_frame    0x0000000000000000     0x3808
 .debug_frame   0x0000000000000000      0x108 ./Core/Src/FSM.o
 .debug_frame   0x0000000000000108      0x10c ./Core/Src/RFID.o
 .debug_frame   0x0000000000000214       0x34 ./Core/Src/gpio.o
 .debug_frame   0x0000000000000248       0x68 ./Core/Src/main.o
 .debug_frame   0x00000000000002b0       0x74 ./Core/Src/spi.o
 .debug_frame   0x0000000000000324      0x288 ./Core/Src/stm32f1_rc522.o
 .debug_frame   0x00000000000005ac       0x38 ./Core/Src/stm32f7xx_hal_msp.o
 .debug_frame   0x00000000000005e4      0x17c ./Core/Src/stm32f7xx_it.o
 .debug_frame   0x0000000000000760       0x58 ./Core/Src/system_stm32f7xx.o
 .debug_frame   0x00000000000007b8       0xe8 ./Core/Src/tim.o
 .debug_frame   0x00000000000008a0      0x3f4 ./Drivers/STM32F7xx_HAL_Driver/Src/stm32f7xx_hal.o
 .debug_frame   0x0000000000000c94      0x498 ./Drivers/STM32F7xx_HAL_Driver/Src/stm32f7xx_hal_cortex.o
 .debug_frame   0x000000000000112c      0x14c ./Drivers/STM32F7xx_HAL_Driver/Src/stm32f7xx_hal_gpio.o
 .debug_frame   0x0000000000001278      0x1c8 ./Drivers/STM32F7xx_HAL_Driver/Src/stm32f7xx_hal_pwr_ex.o
 .debug_frame   0x0000000000001440      0x1f0 ./Drivers/STM32F7xx_HAL_Driver/Src/stm32f7xx_hal_rcc.o
 .debug_frame   0x0000000000001630      0x860 ./Drivers/STM32F7xx_HAL_Driver/Src/stm32f7xx_hal_spi.o
 .debug_frame   0x0000000000001e90     0x121c ./Drivers/STM32F7xx_HAL_Driver/Src/stm32f7xx_hal_tim.o
 .debug_frame   0x00000000000030ac      0x6b0 ./Drivers/STM32F7xx_HAL_Driver/Src/stm32f7xx_hal_tim_ex.o
 .debug_frame   0x000000000000375c       0x2c c:/st/stm32cubeide_1.8.0/stm32cubeide/plugins/com.st.stm32cube.ide.mcu.externaltools.gnu-tools-for-stm32.9-2020-q2-update.win32_2.0.0.202105311346/tools/bin/../lib/gcc/arm-none-eabi/9.3.1/../../../../arm-none-eabi/lib/thumb/v7e-m+dp/hard\libc_nano.a(lib_a-init.o)
 .debug_frame   0x0000000000003788       0x20 c:/st/stm32cubeide_1.8.0/stm32cubeide/plugins/com.st.stm32cube.ide.mcu.externaltools.gnu-tools-for-stm32.9-2020-q2-update.win32_2.0.0.202105311346/tools/bin/../lib/gcc/arm-none-eabi/9.3.1/../../../../arm-none-eabi/lib/thumb/v7e-m+dp/hard\libc_nano.a(lib_a-memset.o)
 .debug_frame   0x00000000000037a8       0x2c c:/st/stm32cubeide_1.8.0/stm32cubeide/plugins/com.st.stm32cube.ide.mcu.externaltools.gnu-tools-for-stm32.9-2020-q2-update.win32_2.0.0.202105311346/tools/bin/../lib/gcc/arm-none-eabi/9.3.1/thumb/v7e-m+dp/hard\libgcc.a(_aeabi_uldivmod.o)
 .debug_frame   0x00000000000037d4       0x34 c:/st/stm32cubeide_1.8.0/stm32cubeide/plugins/com.st.stm32cube.ide.mcu.externaltools.gnu-tools-for-stm32.9-2020-q2-update.win32_2.0.0.202105311346/tools/bin/../lib/gcc/arm-none-eabi/9.3.1/thumb/v7e-m+dp/hard\libgcc.a(_udivmoddi4.o)
